// Vitest Snapshot v1, https://vitest.dev/guide/snapshot.html

exports[`API Surface > 公共导出符号快照 1`] = `
[
  "AppService",
  "BillService",
  "BusinessCircleService",
  "CallbackHandler",
  "CertificateManager",
  "CertificateService",
  "CombineAppService",
  "CombineH5Service",
  "CombineMiniProgramService",
  "CombineNativeService",
  "CombineService",
  "ComplaintService",
  "CouponService",
  "DecryptionException",
  "GoldPlanService",
  "H5Service",
  "HttpException",
  "JsapiService",
  "LoveFeastService",
  "MalformedMessageException",
  "MedInsService",
  "MediaService",
  "MerchantExclusiveCouponService",
  "MerchantTransferService",
  "NativeService",
  "ParkingService",
  "PartnershipService",
  "PayGiftActivityService",
  "PayScoreService",
  "PayrollCardService",
  "ProfitSharingService",
  "RetailStoreService",
  "ScanAndRideService",
  "SecurityService",
  "ServiceException",
  "SmartGuideService",
  "ValidationException",
  "WxPayClient",
  "WxPayError",
  "buildAppBridgeConfig",
  "buildAuthorization",
  "buildH5CouponUrl",
  "buildJsapiBridgeConfig",
  "buildMedInsJsapiBridgeConfig",
  "buildMedInsMiniProgramBridgeConfig",
  "buildMerchantTransferAuthorizationJsapiBridgeConfig",
  "buildMerchantTransferJsapiBridgeConfig",
  "buildMerchantTransferMiniProgramBridgeConfig",
  "buildMiniProgramBridgeConfig",
  "buildParkingAppBridgePath",
  "buildParkingH5BridgeUrl",
  "buildParkingMiniProgramBridgeConfig",
  "buildParkingRepayBridgeConfig",
  "buildPayScoreAppBridgeConfig",
  "buildPayScoreDetailAppBridgeConfig",
  "buildPayScoreDetailJsapiBridgeConfig",
  "buildPayScoreDetailMiniProgramBridgeConfig",
  "buildPayScoreJsapiBridgeConfig",
  "buildPayScoreMiniProgramBridgeConfig",
  "buildSignString",
  "decryptSensitiveFields",
  "decryptSensitiveFieldsInArray",
  "encryptSensitiveFields",
  "encryptSensitiveFieldsInArray",
  "generateAppPaySign",
  "generateNonce",
  "generateNonceStr",
  "generatePayScorePaySign",
  "generatePaySign",
  "isTimestampValid",
  "oaepDecrypt",
  "oaepEncrypt",
  "registerSensitiveFields",
  "sign",
  "verifySignature",
]
`;

exports[`API Surface > 函数导出快照 1`] = `[]`;

exports[`API Surface > 类导出的方法快照 1`] = `
{
  "AppService": [
    "applyAbnormalRefund",
    "closeOrder",
    "createOrder",
    "createRefund",
    "downloadBill",
    "fundFlowBill",
    "queryOrderById",
    "queryRefund",
    "tradeBill",
  ],
  "BillService": [
    "applyFundFlowBill",
    "applyProfitSharingBill",
    "applyTradeBill",
    "downloadBill",
  ],
  "BusinessCircleService": [
    "queryAuthorization",
    "queryPendingPoints",
    "syncParkingStatus",
    "syncPoints",
  ],
  "CallbackHandler": [
    "aesGcmDecrypt",
    "decryptNotification",
    "process",
    "processBusinessCircleAuthorizeCallback",
    "processBusinessCircleRefundCallback",
    "processBusinessCircleTransactionCallback",
    "processCombineTransactionCallback",
    "processComplaintCallback",
    "processCouponUseCallback",
    "processMedInsRefundCallback",
    "processMedInsSuccessCallback",
    "processMerchantTransferAuthorizationCallback",
    "processMerchantTransferCallback",
    "processParkingEntryStatusCallback",
    "processParkingRefundCallback",
    "processParkingTransactionCallback",
    "processPayScoreRefundCallback",
    "processPayScoreUserConfirmCallback",
    "processPayScoreUserPaidCallback",
    "processProfitSharingCallback",
    "processRefundCallback",
    "processTransactionCallback",
    "verifySignature",
  ],
  "CertificateManager": [
    "clear",
    "getNewestSerial",
    "getPublicKey",
    "serialNos",
    "setPublicKey",
    "setWxPayPublicKey",
    "startAutoUpdate",
    "stopAutoUpdate",
    "updateCertificates",
  ],
  "CertificateService": [
    "decryptCertificate",
    "downloadAndUpdate",
    "downloadCertificates",
  ],
  "CombineAppService": [
    "applyAbnormalRefund",
    "closeOrder",
    "createOrder",
    "createRefund",
    "downloadBill",
    "fundFlowBill",
    "queryOrderById",
    "queryRefund",
    "tradeBill",
  ],
  "CombineH5Service": [
    "applyAbnormalRefund",
    "closeOrder",
    "createOrder",
    "createRefund",
    "queryOrderById",
    "queryRefund",
  ],
  "CombineMiniProgramService": [
    "applyAbnormalRefund",
    "closeOrder",
    "createOrder",
    "createRefund",
    "downloadBill",
    "fundFlowBill",
    "queryOrderById",
    "queryRefund",
    "tradeBill",
  ],
  "CombineNativeService": [
    "applyAbnormalRefund",
    "closeOrder",
    "createOrder",
    "createRefund",
    "downloadBill",
    "fundFlowBill",
    "queryOrderById",
    "queryRefund",
    "tradeBill",
  ],
  "CombineService": [
    "applyAbnormalRefund",
    "closeOrder",
    "createOrder",
    "createRefund",
    "queryOrderById",
    "queryRefund",
  ],
  "ComplaintService": [
    "completeComplaint",
    "createCallbackUrl",
    "deleteCallbackUrl",
    "getImage",
    "queryCallbackUrl",
    "queryComplaint",
    "queryComplaints",
    "queryNegotiationHistory",
    "replyComplaint",
    "replyImmediateService",
    "updateCallbackUrl",
    "updateRefundResult",
    "uploadImage",
  ],
  "CouponService": [
    "activateStock",
    "createStock",
    "downloadRefundFlow",
    "downloadUseFlow",
    "pauseStock",
    "queryCallback",
    "queryCouponDetail",
    "queryStockDetail",
    "queryStockItems",
    "queryStockMerchants",
    "queryStocks",
    "queryUserCoupons",
    "restartStock",
    "sendCoupon",
    "setCallback",
  ],
  "DecryptionException": [],
  "GoldPlanService": [
    "queryBalance",
    "queryFlow",
    "queryStatus",
  ],
  "H5Service": [
    "applyAbnormalRefund",
    "closeOrder",
    "createOrder",
    "createRefund",
    "downloadBill",
    "fundFlowBill",
    "queryOrderById",
    "queryRefund",
    "tradeBill",
  ],
  "HttpException": [],
  "JsapiService": [
    "applyAbnormalRefund",
    "closeOrder",
    "createOrder",
    "createRefund",
    "downloadBill",
    "fundFlowBill",
    "queryOrderById",
    "queryRefund",
    "tradeBill",
  ],
  "LoveFeastService": [
    "createBrand",
    "createOrder",
    "queryBrand",
    "queryOrder",
  ],
  "MalformedMessageException": [],
  "MedInsService": [
    "createOrder",
    "queryByMixTradeNo",
    "queryByOutTradeNo",
  ],
  "MediaService": [
    "uploadImage",
  ],
  "MerchantExclusiveCouponService": [
    "createCouponStock",
    "queryCoupon",
    "queryCouponStock",
    "queryUserCoupons",
    "sendCoupon",
  ],
  "MerchantTransferService": [
    "applyElecSignByOutBillNo",
    "applyElecSignByTransferBillNo",
    "cancelTransfer",
    "closeAuthorization",
    "createAuthorization",
    "createTransfer",
    "createTransferAfterAuthorization",
    "createTransferWithAuthorization",
    "downloadElecSign",
    "queryAuthorizationByOutAuthorizationNo",
    "queryElecSignByOutBillNo",
    "queryElecSignByTransferBillNo",
    "queryTransferByOutBillNo",
    "queryTransferByTransferBillNo",
  ],
  "NativeService": [
    "applyAbnormalRefund",
    "closeOrder",
    "createOrder",
    "createRefund",
    "downloadBill",
    "fundFlowBill",
    "queryOrderById",
    "queryRefund",
    "tradeBill",
  ],
  "ParkingService": [
    "applyRefund",
    "createEntry",
    "createTransaction",
    "queryPlateService",
    "queryRefund",
    "queryTransaction",
  ],
  "PartnershipService": [
    "build",
    "list",
  ],
  "PayGiftActivityService": [
    "addMerchant",
    "create",
    "deleteMerchant",
    "get",
    "getGoods",
    "getMerchants",
    "list",
    "terminate",
  ],
  "PayScoreService": [
    "applyRefund",
    "cancelOrder",
    "completeOrder",
    "createOrder",
    "modifyOrder",
    "queryOrder",
    "queryRefund",
    "syncOrder",
  ],
  "PayrollCardService": [
    "createAuthentication",
    "createToken",
    "createTransferBatch",
    "queryAuthentication",
    "queryAuthorization",
  ],
  "ProfitSharingService": [
    "addReceiver",
    "bill",
    "createOrder",
    "createReturnOrder",
    "deleteReceiver",
    "downloadBill",
    "queryAmount",
    "queryOrder",
    "queryReturnOrder",
    "unfreeze",
  ],
  "RetailStoreService": [
    "createActivity",
    "createQualification",
    "queryActivity",
    "queryQualification",
    "updateActivity",
  ],
  "ScanAndRideService": [
    "createTransaction",
    "createUserService",
    "queryTransaction",
    "queryUserService",
  ],
  "SecurityService": [
    "echoTest",
  ],
  "ServiceException": [],
  "SmartGuideService": [
    "assign",
    "query",
    "register",
    "update",
  ],
  "ValidationException": [],
  "WxPayClient": [
    "createVerifier",
    "delete",
    "downloadRaw",
    "get",
    "patch",
    "post",
    "put",
    "request",
    "resolvePrivateKey",
    "resolvePublicKey",
    "upload",
  ],
  "WxPayError": [
    "isApiError",
    "isClientError",
    "isServerError",
  ],
  "buildAppBridgeConfig": [],
  "buildAuthorization": [],
  "buildH5CouponUrl": [],
  "buildJsapiBridgeConfig": [],
  "buildMedInsJsapiBridgeConfig": [],
  "buildMedInsMiniProgramBridgeConfig": [],
  "buildMerchantTransferAuthorizationJsapiBridgeConfig": [],
  "buildMerchantTransferJsapiBridgeConfig": [],
  "buildMerchantTransferMiniProgramBridgeConfig": [],
  "buildMiniProgramBridgeConfig": [],
  "buildParkingAppBridgePath": [],
  "buildParkingH5BridgeUrl": [],
  "buildParkingMiniProgramBridgeConfig": [],
  "buildParkingRepayBridgeConfig": [],
  "buildPayScoreAppBridgeConfig": [],
  "buildPayScoreDetailAppBridgeConfig": [],
  "buildPayScoreDetailJsapiBridgeConfig": [],
  "buildPayScoreDetailMiniProgramBridgeConfig": [],
  "buildPayScoreJsapiBridgeConfig": [],
  "buildPayScoreMiniProgramBridgeConfig": [],
  "buildSignString": [],
  "decryptSensitiveFields": [],
  "decryptSensitiveFieldsInArray": [],
  "encryptSensitiveFields": [],
  "encryptSensitiveFieldsInArray": [],
  "generateAppPaySign": [],
  "generateNonce": [],
  "generateNonceStr": [],
  "generatePayScorePaySign": [],
  "generatePaySign": [],
  "isTimestampValid": [],
  "oaepDecrypt": [],
  "oaepEncrypt": [],
  "registerSensitiveFields": [],
  "sign": [],
  "verifySignature": [],
}
`;
